/*
 * Regression test for extension_template
 */
SELECT * FROM function_template();
 function_template 
-------------------
 
(1 row)

